Compiled 3 Solidity files successfully (evm target: cancun).


  CerebrumFHEVM_v09 - FHEVM v0.9 Test Suite
    Deployment & Initialization

­ƒôï Contract Deployed:
  Main Contract: 0xe4365DBbDb06ac94dEC0B54bBdF32291bA9Ca85D
  Risk Scoring: 0xe3b35d5F5711e9d12Cd841f20026E5948f6E39ca
  Platform Wallet: 0xc9cf46Df14E4504cc630A8A107BFEd0BEFA6C79F
      Ô£ö Should deploy with correct platform wallet

­ƒôï Contract Deployed:
  Main Contract: 0x84A143Db7eF059cb8F83429B1FcF796C858ADa40
  Risk Scoring: 0x600a3575aA6096788E7cD7B1997f3B5A7147bAf4
  Platform Wallet: 0xc9cf46Df14E4504cc630A8A107BFEd0BEFA6C79F
      Ô£ö Should deploy with correct risk scoring library

­ƒôï Contract Deployed:
  Main Contract: 0x8176e3bB7bb5897A9850f405166aB1Daa06D393D
  Risk Scoring: 0x36beb30597f129E9E855Ca70f5a2De12aE028496
  Platform Wallet: 0xc9cf46Df14E4504cc630A8A107BFEd0BEFA6C79F
      Ô£ö Should set correct owner

­ƒôï Contract Deployed:
  Main Contract: 0x66016F5c27f1d0CDc4Cd2fDAF9cBBE7a284f0Df3
  Risk Scoring: 0x5d375823C9Fe502cbEDcB8FD5CfF381391b85147
  Platform Wallet: 0xc9cf46Df14E4504cc630A8A107BFEd0BEFA6C79F
      Ô£ö Should initialize v0.9 constants correctly

­ƒôï Contract Deployed:
  Main Contract: 0xE9EB4462AB64f7a7093528fB6859CB7aC9b90Bc0
  Risk Scoring: 0x1CC8ae49034233F2aA1447F87d1ee6eFdfffBBF1
  Platform Wallet: 0xc9cf46Df14E4504cc630A8A107BFEd0BEFA6C79F
      Ô£ö Should initialize tier constants

­ƒôï Contract Deployed:
  Main Contract: 0x17Fdd3F023b6a47656d2b1ea8B55ED040f014EaD
  Risk Scoring: 0x044168F640aE69dC6E12580f069533CC689feEa5
  Platform Wallet: 0xc9cf46Df14E4504cc630A8A107BFEd0BEFA6C79F
      Ô£ö Should have zero initial patients

­ƒôï Contract Deployed:
  Main Contract: 0x5D4F89c4ACFDd79Aa419d90659E44A69FdBF2C97
  Risk Scoring: 0x71892E58a5Da2f7aD7bF1CbA8aeDfd704ff954a8
  Platform Wallet: 0xc9cf46Df14E4504cc630A8A107BFEd0BEFA6C79F
      Ô£ö Should have zero initial data shares

­ƒôï Contract Deployed:
  Main Contract: 0x602D178A3EC8603A7D2beC32e19Cba82b154AA3B
  Risk Scoring: 0xAD1140A75fba350Dd3f35a64D14d9AeE9E16731e
  Platform Wallet: 0xc9cf46Df14E4504cc630A8A107BFEd0BEFA6C79F
      Ô£ö Should revert deployment with zero platform wallet
    Patient Registration (v0.9 with FHE)

­ƒôï Contract Deployed:
  Main Contract: 0x643d8f889774a65AE384fe1F95c1401BC589B62D
  Risk Scoring: 0x0A9824Ec87cCb1904E29c8a853E7BcFf14c6BF1d
  Platform Wallet: 0xc9cf46Df14E4504cc630A8A107BFEd0BEFA6C79F
      Ô£ö Should register patient successfully

­ƒôï Contract Deployed:
  Main Contract: 0xfE944cDb87955FE34cC321067f3a03c87EC02849
  Risk Scoring: 0x7b4b81CCF8106eD8E760729cef94e457dc0B080F
  Platform Wallet: 0xc9cf46Df14E4504cc630A8A107BFEd0BEFA6C79F
      1) Should initialize patient with encrypted health score

­ƒôï Contract Deployed:
  Main Contract: 0xeE4F79f40ABAB3013D0e3C6368D856e63F447869
  Risk Scoring: 0x2F247aaA6dFD4b8C59f4C53755b323462bB1927b
  Platform Wallet: 0xc9cf46Df14E4504cc630A8A107BFEd0BEFA6C79F
      Ô£ö Should prevent duplicate registration

­ƒôï Contract Deployed:
  Main Contract: 0x17f0adb5EcAFc771Bc10EA472aD8478fF30E3D1E
  Risk Scoring: 0x21Ac2F09D97C901be878d272DECf9481e674A6C3
  Platform Wallet: 0xc9cf46Df14E4504cc630A8A107BFEd0BEFA6C79F
      Ô£ö Should track multiple patient registrations

­ƒôï Contract Deployed:
  Main Contract: 0xB36dB430941c6BBce277C0C3B2fCFc545FAb601d
  Risk Scoring: 0x20D20512F0467f2aEb6DF60b7C7D2108BDeF0E86
  Platform Wallet: 0xc9cf46Df14E4504cc630A8A107BFEd0BEFA6C79F
      2) Should NOT add patient to sharing enabled list by default

­ƒôï Contract Deployed:
  Main Contract: 0xDd37AE0f1Ab714E102b0Ba18a849248C2682008F
  Risk Scoring: 0xc2Eaf3A624ceB5798800bB8Fe1ed1c1324147eDA
  Platform Wallet: 0xc9cf46Df14E4504cc630A8A107BFEd0BEFA6C79F
      Ô£ö Should create activity log entry for registration
    Health Data Sharing (v0.9 with Encrypted Input)

­ƒôï Contract Deployed:
  Main Contract: 0xAB2649e92Aa903Ce054007cF3D4f56D0968192c7
  Risk Scoring: 0xd467721B08226d87b723F0Ac196c9Dcb82634C9B
  Platform Wallet: 0xc9cf46Df14E4504cc630A8A107BFEd0BEFA6C79F
      3) Should share health data successfully (simulated FHE)

­ƒôï Contract Deployed:
  Main Contract: 0xC9096371dd4f46148fcC580F469C588CA4DadC06
  Risk Scoring: 0xd8B2eB32027C1c4C5Bcbdcb9b833dD3D5583bDF8
  Platform Wallet: 0xc9cf46Df14E4504cc630A8A107BFEd0BEFA6C79F
      4) Should prevent data sharing when disabled

­ƒôï Contract Deployed:
  Main Contract: 0x859a5bBe8A1eA2EA72F5455EA5E545a4f6A2D354
  Risk Scoring: 0x3337190f6cB5143219cFBCD3B0bEC5C45B038C44
  Platform Wallet: 0xc9cf46Df14E4504cc630A8A107BFEd0BEFA6C79F
      Ô£ö Should update data share count after sharing
    Data Sharing Controls (v0.9)

­ƒôï Contract Deployed:
  Main Contract: 0xa732B9591C3faF167B3d51ccDcE12e3AC2685a91
  Risk Scoring: 0x5D265B1d8A6d3D7DeE566A404e4958a9F236bEd7
  Platform Wallet: 0xc9cf46Df14E4504cc630A8A107BFEd0BEFA6C79F
      5) Should toggle sharing to enabled (starts disabled)

­ƒôï Contract Deployed:
  Main Contract: 0x78f66a9519d3ffE46AEfD7c5A049f0Fa7366899B
  Risk Scoring: 0x44826fF1D26166ae17877BdFECf77C8457313bA8
  Platform Wallet: 0xc9cf46Df14E4504cc630A8A107BFEd0BEFA6C79F
      6) Should toggle sharing back to disabled

­ƒôï Contract Deployed:
  Main Contract: 0xBDFfAeAA7F6a7c96fD8b45d9Cd422c46dDB4AD9A
  Risk Scoring: 0xa58334D51890cbaB8A34264f097440B9CbA17dD8
  Platform Wallet: 0xc9cf46Df14E4504cc630A8A107BFEd0BEFA6C79F
      7) Should update sharing enabled count correctly

­ƒôï Contract Deployed:
  Main Contract: 0x3F4d9F1be2B473916E2917fa83174CCF9F1E9F62
  Risk Scoring: 0x19E9C903B201031f91aD89502F2ACd5e154a5D65
  Platform Wallet: 0xc9cf46Df14E4504cc630A8A107BFEd0BEFA6C79F
      Ô£ö Should prevent toggle if not registered

­ƒôï Contract Deployed:
  Main Contract: 0x91b7104b8508d4f677ea22577B01e98393d3Db95
  Risk Scoring: 0xfAeb02c60Bc952a80D5b4FF47Ee8742A3211AcE5
  Platform Wallet: 0xc9cf46Df14E4504cc630A8A107BFEd0BEFA6C79F
      Ô£ö Should track activity log for toggles
    Lender Approval System (v0.9)

­ƒôï Contract Deployed:
  Main Contract: 0x9b6eb8cC2B02A1f3c796f3475Ee7078BF1d8F9Ec
  Risk Scoring: 0xdc3d48964Bd43E57d0Ea1425B1CD85fA28E94090
  Platform Wallet: 0xc9cf46Df14E4504cc630A8A107BFEd0BEFA6C79F
      Ô£ö Should approve lender successfully

­ƒôï Contract Deployed:
  Main Contract: 0xbd7F889eE8723F76962d0Cfbf207b9f533D71970
  Risk Scoring: 0x00edDdc5985A579130994235BA39114C58F2ae1C
  Platform Wallet: 0xc9cf46Df14E4504cc630A8A107BFEd0BEFA6C79F
      Ô£ö Should track approved patients for lender

­ƒôï Contract Deployed:
  Main Contract: 0x9425844a8F9938aEF65f82b6437286391D5aCa45
  Risk Scoring: 0xBa60CaADBfa161961F59fC02bdb459189F358Ae2
  Platform Wallet: 0xc9cf46Df14E4504cc630A8A107BFEd0BEFA6C79F
      Ô£ö Should revoke lender approval

­ƒôï Contract Deployed:
  Main Contract: 0x924546897C1F27a3024108962E575639d0E27Ed0
  Risk Scoring: 0x0bbb680C96cd7C8585b78ab8bFf6F19579C60d58
  Platform Wallet: 0xc9cf46Df14E4504cc630A8A107BFEd0BEFA6C79F
      Ô£ö Should prevent zero address approval

­ƒôï Contract Deployed:
  Main Contract: 0x8EB77A68571665E4E222f66d0c9F6BAe6548d2c2
  Risk Scoring: 0x1ad431342719002986651e404Ed5A8BA23103648
  Platform Wallet: 0xc9cf46Df14E4504cc630A8A107BFEd0BEFA6C79F
      Ô£ö Should prevent unregistered patient from approving

­ƒôï Contract Deployed:
  Main Contract: 0x41344DF42bD8B63A532D74420AD9C526FfA0B1A1
  Risk Scoring: 0x872DC865457bE82B23EF17A8f5A2D04a81D1CF75
  Platform Wallet: 0xc9cf46Df14E4504cc630A8A107BFEd0BEFA6C79F
      Ô£ö Should allow multiple lender approvals
    Researcher Access Purchase (v0.9 with Auto-Grants)

­ƒôï Contract Deployed:
  Main Contract: 0x3bEe35702b3f055B8E2C326B70Ea84a5D3f2125d
  Risk Scoring: 0x6dBD582233c9F883f98127790fA60cFAB098796c
  Platform Wallet: 0xc9cf46Df14E4504cc630A8A107BFEd0BEFA6C79F
      8) Should purchase access with correct payment

­ƒôï Contract Deployed:
  Main Contract: 0x21885E8E6B3e1F27B4c959D3FFC429Ef479D14A0
  Risk Scoring: 0xd1fF255fe6EDd0b0D9079Fc603aE7B34e4aE4B63
  Platform Wallet: 0xc9cf46Df14E4504cc630A8A107BFEd0BEFA6C79F
      9) Should split payment 80/20 correctly

­ƒôï Contract Deployed:
  Main Contract: 0xE433113648F9C3Ad9B25b4600493FE90A079E852
  Risk Scoring: 0xD6A1548b97eDFfe18a6f94ab5da8aA2D90B4e52c
  Platform Wallet: 0xc9cf46Df14E4504cc630A8A107BFEd0BEFA6C79F
      10) Should emit correct event with payment details

­ƒôï Contract Deployed:
  Main Contract: 0xEDf3D9b7f5a3f61d31Ac35ADF28dE04C58490919
  Risk Scoring: 0x3709680fa0c32bFf88cBd0F8126daD81cf992820
  Platform Wallet: 0xc9cf46Df14E4504cc630A8A107BFEd0BEFA6C79F
      11) Should prevent insufficient payment

­ƒôï Contract Deployed:
  Main Contract: 0x9F650ecbC1e70cC4d2d16727BCF56488055ab2F8
  Risk Scoring: 0xDe46730758fE6B4BCDfB7d11b0BF0A324870e1ea
  Platform Wallet: 0xc9cf46Df14E4504cc630A8A107BFEd0BEFA6C79F
      Ô£ö Should prevent access to unregistered patient

­ƒôï Contract Deployed:
  Main Contract: 0x0517a947D67dD37B24055f9024a78Ca3F8b29Cb9
  Risk Scoring: 0x88E93510E54B54B8E8CE2523017fC50A8f820Ae8
  Platform Wallet: 0xc9cf46Df14E4504cc630A8A107BFEd0BEFA6C79F
      12) Should allow multiple researchers to purchase access

­ƒôï Contract Deployed:
  Main Contract: 0xB0a9e07Fd6952688cFa6859b9989352E06CaACC7
  Risk Scoring: 0xB440Baf72184F321C00A0F5c08e0BbA7B2EAD42A
  Platform Wallet: 0xc9cf46Df14E4504cc630A8A107BFEd0BEFA6C79F
      13) Should track researcher purchase count

­ƒôï Contract Deployed:
  Main Contract: 0x12418B86ba3Fa7893CC08CE948DFf05f8698e3cb
  Risk Scoring: 0x0C324f0b7803b68DD4aC91fA04a9Da12a4a2a5e9
  Platform Wallet: 0xc9cf46Df14E4504cc630A8A107BFEd0BEFA6C79F
      14) Should track purchased patients list
    Earnings Claims (v0.9)

­ƒôï Contract Deployed:
  Main Contract: 0xd938c84eEe7CD758aaa2FD9E77200A55Fde9f2b7
  Risk Scoring: 0x26958fbD9C5EcFA1De53908aa8af3fc2590b22CF
  Platform Wallet: 0xc9cf46Df14E4504cc630A8A107BFEd0BEFA6C79F
      15) "before each" hook for "Should claim earnings successfully"
    Lender Eligibility Checks (v0.9 Zero-Knowledge)

­ƒôï Contract Deployed:
  Main Contract: 0x3B74a2Aae0aeb0FE571C194Ba7A9E544f7aaa272
  Risk Scoring: 0xD781b3962F4f3f91127c0BFe0a9AC3526250bb48
  Platform Wallet: 0xc9cf46Df14E4504cc630A8A107BFEd0BEFA6C79F
      16) Should check eligibility with plaintext threshold

­ƒôï Contract Deployed:
  Main Contract: 0xF696AbefE70d9ea2ede6D456aca06cE209961c8b
  Risk Scoring: 0x324e68a9874C8f54E0eAEdabD401018034A318cF
  Platform Wallet: 0xc9cf46Df14E4504cc630A8A107BFEd0BEFA6C79F
      Ô£ö Should prevent check without approval

­ƒôï Contract Deployed:
  Main Contract: 0x4FA4Fc548E10e91eF885602B17c876709D552C39
  Risk Scoring: 0x7E7fD5e733a5AF5AAd6AC6bbc82c26af62195251
  Platform Wallet: 0xc9cf46Df14E4504cc630A8A107BFEd0BEFA6C79F
      Ô£ö Should prevent check with insufficient payment

­ƒôï Contract Deployed:
  Main Contract: 0xA4522CE73E643C058A1816715AA11007fB07b1cF
  Risk Scoring: 0x766f42272e34f9d637415154469Ee2068bF3f3a6
  Platform Wallet: 0xc9cf46Df14E4504cc630A8A107BFEd0BEFA6C79F
      17) Should track eligibility history

­ƒôï Contract Deployed:
  Main Contract: 0x7785a2Ed4C317830087478EcF0136C48BE78aC57
  Risk Scoring: 0x169BEC15653Cd1eB0276D8F639eF8448CB168f53
  Platform Wallet: 0xc9cf46Df14E4504cc630A8A107BFEd0BEFA6C79F
      Ô£ö Should prevent check on unregistered patient
    Encrypted Lender Eligibility (v0.9 FHE)

­ƒôï Contract Deployed:
  Main Contract: 0x3f0c2cF8020AF355AA56A68bD8Fa3EB2FB5590E7
  Risk Scoring: 0xd575278da3dc05A4311d6109A52592097490056E
  Platform Wallet: 0xc9cf46Df14E4504cc630A8A107BFEd0BEFA6C79F
      Ô£ö Should validate checkEligibilityWithEncryptedThreshold function exists

­ƒôï Contract Deployed:
  Main Contract: 0xe74A20DF6C21a6886C95aC25ebd14b0b392DcD8C
  Risk Scoring: 0xD17b703724B99Ca36F0C5837f2D9d3900E8d9c6A
  Platform Wallet: 0xc9cf46Df14E4504cc630A8A107BFEd0BEFA6C79F
      Ô£ö Should validate getEncryptedEligibilityResult function exists

­ƒôï Contract Deployed:
  Main Contract: 0x0267FC842F2297CA0453047DF0733BAE9f23FDE2
  Risk Scoring: 0xe2C660dCA552E4a945827B5B491c47b0B21070d6
  Platform Wallet: 0xc9cf46Df14E4504cc630A8A107BFEd0BEFA6C79F
      Ô£ö Should require approval for encrypted eligibility check
    Encrypted Health Record Access (v0.9)

­ƒôï Contract Deployed:
  Main Contract: 0xcf012a5F0d50C04DF05c8972DDDc15984d5f317A
  Risk Scoring: 0x72aAd81C05a714984ED8537E88593Dd660b0658f
  Platform Wallet: 0xc9cf46Df14E4504cc630A8A107BFEd0BEFA6C79F
      Ô£ö Should validate getEncryptedHealthRecord function exists

­ƒôï Contract Deployed:
  Main Contract: 0xB462e1103342115F82D1a4111E8FcCCeD7F620F4
  Risk Scoring: 0xB820fB1be00301E9C4B33Dc0f168Ce771E187C9f
  Platform Wallet: 0xc9cf46Df14E4504cc630A8A107BFEd0BEFA6C79F
      Ô£ö Should validate getHealthRecordMetadata function exists

­ƒôï Contract Deployed:
  Main Contract: 0xf0c4ee8c8D7DA5181dAF37e2c5b1e9c6382d63eb
  Risk Scoring: 0x655C9FD9625f8f330b8E11F44100B18bEF60Ad7d
  Platform Wallet: 0xc9cf46Df14E4504cc630A8A107BFEd0BEFA6C79F
      Ô£ö Should return correct health record count

­ƒôï Contract Deployed:
  Main Contract: 0x387DFC37e450565a8603F1513eba6473108905Ef
  Risk Scoring: 0xc2c7d3727B1431D9Ea947c0Ec79469D751538450
  Platform Wallet: 0xc9cf46Df14E4504cc630A8A107BFEd0BEFA6C79F
      Ô£ö Should validate getRecordQuality function exists
    Risk Scoring Functions (v0.9)

­ƒôï Contract Deployed:
  Main Contract: 0x24A19587b52AF039d17c307bc1268D856C6EEa77
  Risk Scoring: 0xB249D8bab01e541170BAC35B0472791A923Ad1BD
  Platform Wallet: 0xc9cf46Df14E4504cc630A8A107BFEd0BEFA6C79F
      Ô£ö Should validate calculateComprehensiveRisk function exists

­ƒôï Contract Deployed:
  Main Contract: 0xa1145dd985A3e10A75b3EDF7978Df911CbC91DA3
  Risk Scoring: 0x64061d247c89703920d52758A42492de812e783d
  Platform Wallet: 0xc9cf46Df14E4504cc630A8A107BFEd0BEFA6C79F
      Ô£ö Should validate getEncryptedRiskScores function exists

­ƒôï Contract Deployed:
  Main Contract: 0x9654B6D4013238e23FF264983Be9d65ebE39dba6
  Risk Scoring: 0x1a42d38226727F9b185D436fADaa2c57aE67A6E2
  Platform Wallet: 0xc9cf46Df14E4504cc630A8A107BFEd0BEFA6C79F
      Ô£ö Should prevent risk calculation without data
    Dynamic Access Pricing (v0.9 Quality-Based)

­ƒôï Contract Deployed:
  Main Contract: 0xd911202379B2729295D16e19b33915779C4b348C
  Risk Scoring: 0xFCbADD4c8cDAdB6589d41EC2a8cE2D756C62dc9c
  Platform Wallet: 0xc9cf46Df14E4504cc630A8A107BFEd0BEFA6C79F
      Ô£ö Should return base price when no records exist

­ƒôï Contract Deployed:
  Main Contract: 0x324B1f12Cc9c6fe416D25aFE28FD6d7E0C5910c2
  Risk Scoring: 0xa5353Eb626742d71A379F1Cf13af50dea8f86431
  Platform Wallet: 0xc9cf46Df14E4504cc630A8A107BFEd0BEFA6C79F
      Ô£ö Should validate price calculation logic

­ƒôï Contract Deployed:
  Main Contract: 0x25269Bf7e02d045FcaD7Da9FCA41b1ac8c47066F
  Risk Scoring: 0xb2810076d7dBB85Ad8B083aBdFb1Ac48bB2096bF
  Platform Wallet: 0xc9cf46Df14E4504cc630A8A107BFEd0BEFA6C79F
      Ô£ö Should use quality score to determine price tier
    Researcher Access Tracking (v0.9)

­ƒôï Contract Deployed:
  Main Contract: 0x91e6032614Ffad6D67D65532ED81606E09D0aC82
  Risk Scoring: 0xde8eF0356C28753AEF03c16397b3a1209b106e71
  Platform Wallet: 0xc9cf46Df14E4504cc630A8A107BFEd0BEFA6C79F
      Ô£ö Should validate hasCurrentAccess function

­ƒôï Contract Deployed:
  Main Contract: 0x40a902a90a08b5b075f6C7f16f371Fb9eEB506e6
  Risk Scoring: 0x8316E4a95789Deb25F7846bE76D88467c217D73B
  Platform Wallet: 0xc9cf46Df14E4504cc630A8A107BFEd0BEFA6C79F
      18) Should track access rounds correctly
    Additional Admin Controls (v0.9)

­ƒôï Contract Deployed:
  Main Contract: 0x770D8548793AAFf62dAC570fe04D1e7aC3ae34CE
  Risk Scoring: 0x5b35eBb510FB84e1f06C7aeEF31ec5efdFDd7A42
  Platform Wallet: 0xc9cf46Df14E4504cc630A8A107BFEd0BEFA6C79F
      Ô£ö Should allow owner to update risk scoring library

­ƒôï Contract Deployed:
  Main Contract: 0x440660A0aaD166aD0e7c541320E10E22727F95Ae
  Risk Scoring: 0xB6724056aAE627b77003e19fc925b83d614c3729
  Platform Wallet: 0xc9cf46Df14E4504cc630A8A107BFEd0BEFA6C79F
      Ô£ö Should prevent non-owner from updating risk library

­ƒôï Contract Deployed:
  Main Contract: 0x817Cbfc21eE639C0295AF0f08b1e651220880E99
  Risk Scoring: 0x1993E813cfAe856E26DE8EeAfd192D454f21af6e
  Platform Wallet: 0xc9cf46Df14E4504cc630A8A107BFEd0BEFA6C79F
      Ô£ö Should prevent zero address risk library
    View Functions (v0.9)

­ƒôï Contract Deployed:
  Main Contract: 0xB702CED356e5D21a87D125F0cFdbf2Fc46bd72Ac
  Risk Scoring: 0xec9e4d0d7d96E72DaC4C9d46d4597Cf8E81b4a22
  Platform Wallet: 0xc9cf46Df14E4504cc630A8A107BFEd0BEFA6C79F
      19) Should return correct patient info

­ƒôï Contract Deployed:
  Main Contract: 0x181aEfAc4C5924f9E02B508Bf93377c531AD9cD8
  Risk Scoring: 0x10cF8B08ED027EBcE94926B789b81172324DA101
  Platform Wallet: 0xc9cf46Df14E4504cc630A8A107BFEd0BEFA6C79F
      Ô£ö Should return correct total patients

­ƒôï Contract Deployed:
  Main Contract: 0x5d72544920772e83c1469e915b9e7646c574d011
  Risk Scoring: 0xd59904cb33dcC4d74145e6fFe78C43b91CB79fff
  Platform Wallet: 0xc9cf46Df14E4504cc630A8A107BFEd0BEFA6C79F
      Ô£ö Should return correct total data shares

­ƒôï Contract Deployed:
  Main Contract: 0xFA6e3cd6eFEd87E7089E235a946aF52aedA0FaeF
  Risk Scoring: 0x69ec7B0fa6CB38e9720215245c924372c4B3e267
  Platform Wallet: 0xc9cf46Df14E4504cc630A8A107BFEd0BEFA6C79F
      Ô£ö Should return complete patient list

­ƒôï Contract Deployed:
  Main Contract: 0xa16bD3C022722b3b2a6276d69D7D0F4Cd0947B72
  Risk Scoring: 0xC6331C26FB8cCA663E3e530a76022A5F4cb4aBb4
  Platform Wallet: 0xc9cf46Df14E4504cc630A8A107BFEd0BEFA6C79F
      20) Should return sharing enabled patients

­ƒôï Contract Deployed:
  Main Contract: 0x71fE0270700E6a036CF60d5B101AB0FdB8Ee8e78
  Risk Scoring: 0xD70C7154c657D50c9655f7b6f0E17C36B07cBF6e
  Platform Wallet: 0xc9cf46Df14E4504cc630A8A107BFEd0BEFA6C79F
      Ô£ö Should return correct health record count

­ƒôï Contract Deployed:
  Main Contract: 0x1d23E04AabA1E595e97914ce5Ab0C9ab7e427B8C
  Risk Scoring: 0xa04f7A5080668AD6146f9094DcBAB19741FF9B16
  Platform Wallet: 0xc9cf46Df14E4504cc630A8A107BFEd0BEFA6C79F
      Ô£ö Should return registration status correctly

­ƒôï Contract Deployed:
  Main Contract: 0xDe0663915821E1b8574f4CfE43a985b13a52e8fC
  Risk Scoring: 0x549c8a76e831710fDC4da5c5415055dFc79d573A
  Platform Wallet: 0xc9cf46Df14E4504cc630A8A107BFEd0BEFA6C79F
      21) Should return sharing status correctly

­ƒôï Contract Deployed:
  Main Contract: 0xa5dA56445F8098AB96e021B2409C02a09E288558
  Risk Scoring: 0xAaAB01616319056Afa6aa27ff56fAeBF9857Edf9
  Platform Wallet: 0xc9cf46Df14E4504cc630A8A107BFEd0BEFA6C79F
      Ô£ö Should return activity logs
    Admin Functions (v0.9)

­ƒôï Contract Deployed:
  Main Contract: 0x224A26e526b1b58ac47a88467bB3DAa5250052ef
  Risk Scoring: 0x2aDcE3F920D5987fbBF5455d048761cea54f9301
  Platform Wallet: 0xc9cf46Df14E4504cc630A8A107BFEd0BEFA6C79F
      Ô£ö Should allow owner to update platform wallet

­ƒôï Contract Deployed:
  Main Contract: 0x1fcdCf5b26d5Fa9B33cEbbD81a8b6428838dF316
  Risk Scoring: 0xbf94F2340F08F83e0FdC636A339A962241ec343f
  Platform Wallet: 0xc9cf46Df14E4504cc630A8A107BFEd0BEFA6C79F
      Ô£ö Should prevent non-owner from updating platform wallet

­ƒôï Contract Deployed:
  Main Contract: 0xd5120C1C23ff11718Fa258c5e066fbfE2204336e
  Risk Scoring: 0xC2509e2594188ba8D0211fA14dea8c9f015EED83
  Platform Wallet: 0xc9cf46Df14E4504cc630A8A107BFEd0BEFA6C79F
      Ô£ö Should prevent zero address platform wallet

­ƒôï Contract Deployed:
  Main Contract: 0x676101Af72D38E39e887cc873149310303605b93
  Risk Scoring: 0xa09989B62533E06bfaaa6D0B08E4a4548243ba27
  Platform Wallet: 0xc9cf46Df14E4504cc630A8A107BFEd0BEFA6C79F
      Ô£ö Should allow owner to transfer ownership

­ƒôï Contract Deployed:
  Main Contract: 0xDBC4277ab38418c92CbEf9b145cdfF9AC8f0797c
  Risk Scoring: 0x03F7c56E0796413B1458c21466c7969f88121841
  Platform Wallet: 0xc9cf46Df14E4504cc630A8A107BFEd0BEFA6C79F
      Ô£ö Should prevent non-owner from transferring ownership

­ƒôï Contract Deployed:
  Main Contract: 0x366498776c49033C83d9d4d950F7197726664f56
  Risk Scoring: 0x75bfD88873b1CB4a97CcA814602B6d37F844AC76
  Platform Wallet: 0xc9cf46Df14E4504cc630A8A107BFEd0BEFA6C79F
      Ô£ö Should prevent transferring to zero address
    Complete Workflows (v0.9 End-to-End)

­ƒôï Contract Deployed:
  Main Contract: 0x4E845Cb06830165d273994015fCb8D12a7791EE6
  Risk Scoring: 0x4C17B12e53845BA529c002E643dBD2b07B02cDBc
  Platform Wallet: 0xc9cf46Df14E4504cc630A8A107BFEd0BEFA6C79F
      22) Full patient workflow: register ÔåÆ toggle ÔåÆ claim

­ƒôï Contract Deployed:
  Main Contract: 0xA14E4203f86e155CD3cc22fE21F99b8937829922
  Risk Scoring: 0xe0e650dD9df2636eCF83601880332BE5404bd589
  Platform Wallet: 0xc9cf46Df14E4504cc630A8A107BFEd0BEFA6C79F
      23) Multi-researcher access workflow

­ƒôï Contract Deployed:
  Main Contract: 0xB3aa3168CCF86798b45B33dC3130119f53e6014d
  Risk Scoring: 0x7C22e17FfF1a3D2c7F7d979C731CC71Ef067B33b
  Platform Wallet: 0xc9cf46Df14E4504cc630A8A107BFEd0BEFA6C79F
      24) Multi-patient researcher workflow

­ƒôï Contract Deployed:
  Main Contract: 0x840A3Df43141081325449346dE7A0E55D42B471E
  Risk Scoring: 0x46cf260002EF71893355F4402C811149002F7F16
  Platform Wallet: 0xc9cf46Df14E4504cc630A8A107BFEd0BEFA6C79F
      25) Lender approval and eligibility workflow

­ƒôï Contract Deployed:
  Main Contract: 0x56370AD2580f13d3B391Cd8204DaE4bbd907ef1b
  Risk Scoring: 0xbAc6F6595c6241420cD6Debae26a2245a54AB298
  Platform Wallet: 0xc9cf46Df14E4504cc630A8A107BFEd0BEFA6C79F
      26) Complete ecosystem workflow with all actors
    Edge Cases & Security (v0.9)

­ƒôï Contract Deployed:
  Main Contract: 0x151E553180cD477CD2C11562bc673c5d8e1ab846
  Risk Scoring: 0x17F5f9C39623c4acB4978ec2cA336568eBC7d06D
  Platform Wallet: 0xc9cf46Df14E4504cc630A8A107BFEd0BEFA6C79F
      Ô£ö Should handle zero initial state correctly

­ƒôï Contract Deployed:
  Main Contract: 0x6F75fE2973CB3cE89bF5acC9AaC7AefAF3BDe4E2
  Risk Scoring: 0xa8A0a8D61Ab9b1b95ec56908ce836F1E68835716
  Platform Wallet: 0xc9cf46Df14E4504cc630A8A107BFEd0BEFA6C79F
      27) Should prevent reentrancy in claimEarnings

­ƒôï Contract Deployed:
  Main Contract: 0x25E25C0674ca60790DFe72d5aa59194Dc43e2Fe6
  Risk Scoring: 0x0A615f419734cD4B10439E37F7aE20976D0d6dFc
  Platform Wallet: 0xc9cf46Df14E4504cc630A8A107BFEd0BEFA6C79F
      Ô£ö Should handle large numbers of patients

­ƒôï Contract Deployed:
  Main Contract: 0x586717B15ABB6aC0C66a988D3723728782fD233F
  Risk Scoring: 0x024F4B8587152669a0AfFd44Ad9274BECDc7107f
  Platform Wallet: 0xc9cf46Df14E4504cc630A8A107BFEd0BEFA6C79F
      28) Should maintain state consistency across operations


  56 passing (3s)
  28 failing

  1) CerebrumFHEVM_v09 - FHEVM v0.9 Test Suite
       Patient Registration (v0.9 with FHE)
         Should initialize patient with encrypted health score:

      AssertionError: expected true to equal false
      + expected - actual

      -true
      +false
      
      at Context.<anonymous> (test\CerebrumFHEVM_v09.test.cjs:102:38)

  2) CerebrumFHEVM_v09 - FHEVM v0.9 Test Suite
       Patient Registration (v0.9 with FHE)
         Should NOT add patient to sharing enabled list by default:

      AssertionError: expected 1 to equal +0
      + expected - actual

      -1
      +0
      
      at Context.<anonymous> (test\CerebrumFHEVM_v09.test.cjs:130:40)

  3) CerebrumFHEVM_v09 - FHEVM v0.9 Test Suite
       Health Data Sharing (v0.9 with Encrypted Input)
         Should share health data successfully (simulated FHE):

      AssertionError: expected false to equal true
      + expected - actual

      -false
      +true
      
      at Context.<anonymous> (test\CerebrumFHEVM_v09.test.cjs:156:38)

  4) CerebrumFHEVM_v09 - FHEVM v0.9 Test Suite
       Health Data Sharing (v0.9 with Encrypted Input)
         Should prevent data sharing when disabled:

      AssertionError: expected true to equal false
      + expected - actual

      -true
      +false
      
      at Context.<anonymous> (test\CerebrumFHEVM_v09.test.cjs:164:38)

  5) CerebrumFHEVM_v09 - FHEVM v0.9 Test Suite
       Data Sharing Controls (v0.9)
         Should toggle sharing to enabled (starts disabled):

      AssertionError: Error in "DataSharingToggled" event: Error in the 2nd argument assertion: expected false to equal true
      + expected - actual

      -false
      +true
      
      at Context.<anonymous> (test\CerebrumFHEVM_v09.test.cjs:184:7)

  6) CerebrumFHEVM_v09 - FHEVM v0.9 Test Suite
       Data Sharing Controls (v0.9)
         Should toggle sharing back to disabled:

      AssertionError: expected true to equal false
      + expected - actual

      -true
      +false
      
      at Context.<anonymous> (test\CerebrumFHEVM_v09.test.cjs:195:68)

  7) CerebrumFHEVM_v09 - FHEVM v0.9 Test Suite
       Data Sharing Controls (v0.9)
         Should update sharing enabled count correctly:

      AssertionError: expected 1 to equal 0.
      + expected - actual

      -1
      +0
      
      at Context.<anonymous> (test\CerebrumFHEVM_v09.test.cjs:199:58)

  8) CerebrumFHEVM_v09 - FHEVM v0.9 Test Suite
       Researcher Access Purchase (v0.9 with Auto-Grants)
         Should purchase access with correct payment:
     Error: VM Exception while processing transaction: reverted with custom error 'NotApprovedResearcher()'
    at CerebrumFHEVM_v09.purchaseResearcherAccess (contracts/CerebrumFHEVM_v09.sol:561)
    at EdrProviderWrapper.request (node_modules\hardhat\src\internal\hardhat-network\provider\provider.ts:434:41)
    at FhevmProviderExtender._handleEthSendTransaction (node_modules\@fhevm\hardhat-plugin\src\internal\provider\FhevmProviderExtender.ts:108:14)
    at HardhatEthersSigner.sendTransaction (node_modules\@nomicfoundation\hardhat-ethers\src\signers.ts:181:18)
    at send (node_modules\ethers\src.ts\contract\contract.ts:313:20)
    at Proxy.purchaseResearcherAccess (node_modules\ethers\src.ts\contract\contract.ts:352:16)
    at waitForPendingTransaction (node_modules\@nomicfoundation\hardhat-chai-matchers\src\internal\emit.ts:28:17)
    at Context.<anonymous> (test\CerebrumFHEVM_v09.test.cjs:290:7)
  

  9) CerebrumFHEVM_v09 - FHEVM v0.9 Test Suite
       Researcher Access Purchase (v0.9 with Auto-Grants)
         Should split payment 80/20 correctly:
     Error: VM Exception while processing transaction: reverted with custom error 'NotApprovedResearcher()'
    at CerebrumFHEVM_v09.purchaseResearcherAccess (contracts/CerebrumFHEVM_v09.sol:561)
    at EdrProviderWrapper.request (node_modules\hardhat\src\internal\hardhat-network\provider\provider.ts:434:41)
    at FhevmProviderExtender._handleEthSendTransaction (node_modules\@fhevm\hardhat-plugin\src\internal\provider\FhevmProviderExtender.ts:108:14)
    at HardhatEthersSigner.sendTransaction (node_modules\@nomicfoundation\hardhat-ethers\src\signers.ts:181:18)
    at send (node_modules\ethers\src.ts\contract\contract.ts:313:20)
    at Proxy.purchaseResearcherAccess (node_modules\ethers\src.ts\contract\contract.ts:352:16)
    at Context.<anonymous> (test\CerebrumFHEVM_v09.test.cjs:304:7)
  

  10) CerebrumFHEVM_v09 - FHEVM v0.9 Test Suite
       Researcher Access Purchase (v0.9 with Auto-Grants)
         Should emit correct event with payment details:
     Error: VM Exception while processing transaction: reverted with custom error 'NotApprovedResearcher()'
    at CerebrumFHEVM_v09.purchaseResearcherAccess (contracts/CerebrumFHEVM_v09.sol:561)
    at EdrProviderWrapper.request (node_modules\hardhat\src\internal\hardhat-network\provider\provider.ts:434:41)
    at FhevmProviderExtender._handleEthSendTransaction (node_modules\@fhevm\hardhat-plugin\src\internal\provider\FhevmProviderExtender.ts:108:14)
    at HardhatEthersSigner.sendTransaction (node_modules\@nomicfoundation\hardhat-ethers\src\signers.ts:181:18)
    at send (node_modules\ethers\src.ts\contract\contract.ts:313:20)
    at Proxy.purchaseResearcherAccess (node_modules\ethers\src.ts\contract\contract.ts:352:16)
    at Context.<anonymous> (test\CerebrumFHEVM_v09.test.cjs:317:18)
  

  11) CerebrumFHEVM_v09 - FHEVM v0.9 Test Suite
       Researcher Access Purchase (v0.9 with Auto-Grants)
         Should prevent insufficient payment:
     AssertionError: Expected transaction to be reverted with custom error 'InsufficientPayment', but it reverted with custom error 'NotApprovedResearcher'
      at Context.<anonymous> (test\CerebrumFHEVM_v09.test.cjs:336:7)

  12) CerebrumFHEVM_v09 - FHEVM v0.9 Test Suite
       Researcher Access Purchase (v0.9 with Auto-Grants)
         Should allow multiple researchers to purchase access:
     Error: VM Exception while processing transaction: reverted with custom error 'NotApprovedResearcher()'
    at CerebrumFHEVM_v09.purchaseResearcherAccess (contracts/CerebrumFHEVM_v09.sol:561)
    at EdrProviderWrapper.request (node_modules\hardhat\src\internal\hardhat-network\provider\provider.ts:434:41)
    at FhevmProviderExtender._handleEthSendTransaction (node_modules\@fhevm\hardhat-plugin\src\internal\provider\FhevmProviderExtender.ts:108:14)
    at HardhatEthersSigner.sendTransaction (node_modules\@nomicfoundation\hardhat-ethers\src\signers.ts:181:18)
    at send (node_modules\ethers\src.ts\contract\contract.ts:313:20)
    at Proxy.purchaseResearcherAccess (node_modules\ethers\src.ts\contract\contract.ts:352:16)
    at Context.<anonymous> (test\CerebrumFHEVM_v09.test.cjs:356:7)
  

  13) CerebrumFHEVM_v09 - FHEVM v0.9 Test Suite
       Researcher Access Purchase (v0.9 with Auto-Grants)
         Should track researcher purchase count:
     Error: VM Exception while processing transaction: reverted with custom error 'NotApprovedResearcher()'
    at CerebrumFHEVM_v09.purchaseResearcherAccess (contracts/CerebrumFHEVM_v09.sol:561)
    at EdrProviderWrapper.request (node_modules\hardhat\src\internal\hardhat-network\provider\provider.ts:434:41)
    at FhevmProviderExtender._handleEthSendTransaction (node_modules\@fhevm\hardhat-plugin\src\internal\provider\FhevmProviderExtender.ts:108:14)
    at HardhatEthersSigner.sendTransaction (node_modules\@nomicfoundation\hardhat-ethers\src\signers.ts:181:18)
    at send (node_modules\ethers\src.ts\contract\contract.ts:313:20)
    at Proxy.purchaseResearcherAccess (node_modules\ethers\src.ts\contract\contract.ts:352:16)
    at Context.<anonymous> (test\CerebrumFHEVM_v09.test.cjs:373:7)
  

  14) CerebrumFHEVM_v09 - FHEVM v0.9 Test Suite
       Researcher Access Purchase (v0.9 with Auto-Grants)
         Should track purchased patients list:
     Error: VM Exception while processing transaction: reverted with custom error 'NotApprovedResearcher()'
    at CerebrumFHEVM_v09.purchaseResearcherAccess (contracts/CerebrumFHEVM_v09.sol:561)
    at EdrProviderWrapper.request (node_modules\hardhat\src\internal\hardhat-network\provider\provider.ts:434:41)
    at FhevmProviderExtender._handleEthSendTransaction (node_modules\@fhevm\hardhat-plugin\src\internal\provider\FhevmProviderExtender.ts:108:14)
    at HardhatEthersSigner.sendTransaction (node_modules\@nomicfoundation\hardhat-ethers\src\signers.ts:181:18)
    at send (node_modules\ethers\src.ts\contract\contract.ts:313:20)
    at Proxy.purchaseResearcherAccess (node_modules\ethers\src.ts\contract\contract.ts:352:16)
    at Context.<anonymous> (test\CerebrumFHEVM_v09.test.cjs:387:7)
  

  15) CerebrumFHEVM_v09 - FHEVM v0.9 Test Suite
       Earnings Claims (v0.9)
         "before each" hook for "Should claim earnings successfully":
     Error: VM Exception while processing transaction: reverted with custom error 'NotApprovedResearcher()'
    at CerebrumFHEVM_v09.purchaseResearcherAccess (contracts/CerebrumFHEVM_v09.sol:561)
    at EdrProviderWrapper.request (node_modules\hardhat\src\internal\hardhat-network\provider\provider.ts:434:41)
    at FhevmProviderExtender._handleEthSendTransaction (node_modules\@fhevm\hardhat-plugin\src\internal\provider\FhevmProviderExtender.ts:108:14)
    at HardhatEthersSigner.sendTransaction (node_modules\@nomicfoundation\hardhat-ethers\src\signers.ts:181:18)
    at send (node_modules\ethers\src.ts\contract\contract.ts:313:20)
    at Proxy.purchaseResearcherAccess (node_modules\ethers\src.ts\contract\contract.ts:352:16)
    at Context.<anonymous> (test\CerebrumFHEVM_v09.test.cjs:409:7)
  

  16) CerebrumFHEVM_v09 - FHEVM v0.9 Test Suite
       Lender Eligibility Checks (v0.9 Zero-Knowledge)
         Should check eligibility with plaintext threshold:
     Error: VM Exception while processing transaction: reverted with custom error 'NoRiskScoresCalculated()'
    at CerebrumFHEVM_v09.checkEligibilityWithEncryptedThreshold (contracts/CerebrumFHEVM_v09.sol:482)
    at EdrProviderWrapper.request (node_modules\hardhat\src\internal\hardhat-network\provider\provider.ts:434:41)
    at FhevmProviderExtender._handleEthSendTransaction (node_modules\@fhevm\hardhat-plugin\src\internal\provider\FhevmProviderExtender.ts:108:14)
    at HardhatEthersSigner.sendTransaction (node_modules\@nomicfoundation\hardhat-ethers\src\signers.ts:181:18)
    at send (node_modules\ethers\src.ts\contract\contract.ts:313:20)
    at Proxy.checkEligibility (node_modules\ethers\src.ts\contract\contract.ts:352:16)
    at waitForPendingTransaction (node_modules\@nomicfoundation\hardhat-chai-matchers\src\internal\emit.ts:28:17)
    at Context.<anonymous> (test\CerebrumFHEVM_v09.test.cjs:475:7)
  

  17) CerebrumFHEVM_v09 - FHEVM v0.9 Test Suite
       Lender Eligibility Checks (v0.9 Zero-Knowledge)
         Should track eligibility history:
     Error: VM Exception while processing transaction: reverted with custom error 'NoRiskScoresCalculated()'
    at CerebrumFHEVM_v09.checkEligibilityWithEncryptedThreshold (contracts/CerebrumFHEVM_v09.sol:482)
    at EdrProviderWrapper.request (node_modules\hardhat\src\internal\hardhat-network\provider\provider.ts:434:41)
    at FhevmProviderExtender._handleEthSendTransaction (node_modules\@fhevm\hardhat-plugin\src\internal\provider\FhevmProviderExtender.ts:108:14)
    at HardhatEthersSigner.sendTransaction (node_modules\@nomicfoundation\hardhat-ethers\src\signers.ts:181:18)
    at send (node_modules\ethers\src.ts\contract\contract.ts:313:20)
    at Proxy.checkEligibility (node_modules\ethers\src.ts\contract\contract.ts:352:16)
    at Context.<anonymous> (test\CerebrumFHEVM_v09.test.cjs:509:7)
  

  18) CerebrumFHEVM_v09 - FHEVM v0.9 Test Suite
       Researcher Access Tracking (v0.9)
         Should track access rounds correctly:
     Error: VM Exception while processing transaction: reverted with custom error 'NotApprovedResearcher()'
    at CerebrumFHEVM_v09.purchaseResearcherAccess (contracts/CerebrumFHEVM_v09.sol:561)
    at EdrProviderWrapper.request (node_modules\hardhat\src\internal\hardhat-network\provider\provider.ts:434:41)
    at FhevmProviderExtender._handleEthSendTransaction (node_modules\@fhevm\hardhat-plugin\src\internal\provider\FhevmProviderExtender.ts:108:14)
    at HardhatEthersSigner.sendTransaction (node_modules\@nomicfoundation\hardhat-ethers\src\signers.ts:181:18)
    at send (node_modules\ethers\src.ts\contract\contract.ts:313:20)
    at Proxy.purchaseResearcherAccess (node_modules\ethers\src.ts\contract\contract.ts:352:16)
    at Context.<anonymous> (test\CerebrumFHEVM_v09.test.cjs:658:7)
  

  19) CerebrumFHEVM_v09 - FHEVM v0.9 Test Suite
       View Functions (v0.9)
         Should return correct patient info:

      AssertionError: expected true to equal false
      + expected - actual

      -true
      +false
      
      at Context.<anonymous> (test\CerebrumFHEVM_v09.test.cjs:702:38)

  20) CerebrumFHEVM_v09 - FHEVM v0.9 Test Suite
       View Functions (v0.9)
         Should return sharing enabled patients:

      AssertionError: expected '0xD22aD124aDba109B1e3776b503B6314Dadaa7Fae' to equal '0x74928ddC727fE19264F069B00c73C0aBAf9E9Dc5'.
      + expected - actual

      -0xD22aD124aDba109B1e3776b503B6314Dadaa7Fae
      +0x74928ddC727fE19264F069B00c73C0aBAf9E9Dc5
      
      at Context.<anonymous> (test\CerebrumFHEVM_v09.test.cjs:727:37)

  21) CerebrumFHEVM_v09 - FHEVM v0.9 Test Suite
       View Functions (v0.9)
         Should return sharing status correctly:

      AssertionError: expected true to equal false
      + expected - actual

      -true
      +false
      
      at Context.<anonymous> (test\CerebrumFHEVM_v09.test.cjs:740:68)

  22) CerebrumFHEVM_v09 - FHEVM v0.9 Test Suite
       Complete Workflows (v0.9 End-to-End)
         Full patient workflow: register ÔåÆ toggle ÔåÆ claim:
     Error: VM Exception while processing transaction: reverted with custom error 'NotApprovedResearcher()'
    at CerebrumFHEVM_v09.purchaseResearcherAccess (contracts/CerebrumFHEVM_v09.sol:561)
    at EdrProviderWrapper.request (node_modules\hardhat\src\internal\hardhat-network\provider\provider.ts:434:41)
    at FhevmProviderExtender._handleEthSendTransaction (node_modules\@fhevm\hardhat-plugin\src\internal\provider\FhevmProviderExtender.ts:108:14)
    at HardhatEthersSigner.sendTransaction (node_modules\@nomicfoundation\hardhat-ethers\src\signers.ts:181:18)
    at send (node_modules\ethers\src.ts\contract\contract.ts:313:20)
    at Proxy.purchaseResearcherAccess (node_modules\ethers\src.ts\contract\contract.ts:352:16)
    at Context.<anonymous> (test\CerebrumFHEVM_v09.test.cjs:813:7)
  

  23) CerebrumFHEVM_v09 - FHEVM v0.9 Test Suite
       Complete Workflows (v0.9 End-to-End)
         Multi-researcher access workflow:
     Error: VM Exception while processing transaction: reverted with custom error 'NotApprovedResearcher()'
    at CerebrumFHEVM_v09.purchaseResearcherAccess (contracts/CerebrumFHEVM_v09.sol:561)
    at EdrProviderWrapper.request (node_modules\hardhat\src\internal\hardhat-network\provider\provider.ts:434:41)
    at FhevmProviderExtender._handleEthSendTransaction (node_modules\@fhevm\hardhat-plugin\src\internal\provider\FhevmProviderExtender.ts:108:14)
    at HardhatEthersSigner.sendTransaction (node_modules\@nomicfoundation\hardhat-ethers\src\signers.ts:181:18)
    at send (node_modules\ethers\src.ts\contract\contract.ts:313:20)
    at Proxy.purchaseResearcherAccess (node_modules\ethers\src.ts\contract\contract.ts:352:16)
    at Context.<anonymous> (test\CerebrumFHEVM_v09.test.cjs:838:7)
  

  24) CerebrumFHEVM_v09 - FHEVM v0.9 Test Suite
       Complete Workflows (v0.9 End-to-End)
         Multi-patient researcher workflow:
     Error: VM Exception while processing transaction: reverted with custom error 'NotApprovedResearcher()'
    at CerebrumFHEVM_v09.purchaseResearcherAccess (contracts/CerebrumFHEVM_v09.sol:561)
    at EdrProviderWrapper.request (node_modules\hardhat\src\internal\hardhat-network\provider\provider.ts:434:41)
    at FhevmProviderExtender._handleEthSendTransaction (node_modules\@fhevm\hardhat-plugin\src\internal\provider\FhevmProviderExtender.ts:108:14)
    at HardhatEthersSigner.sendTransaction (node_modules\@nomicfoundation\hardhat-ethers\src\signers.ts:181:18)
    at send (node_modules\ethers\src.ts\contract\contract.ts:313:20)
    at Proxy.purchaseResearcherAccess (node_modules\ethers\src.ts\contract\contract.ts:352:16)
    at Context.<anonymous> (test\CerebrumFHEVM_v09.test.cjs:864:7)
  

  25) CerebrumFHEVM_v09 - FHEVM v0.9 Test Suite
       Complete Workflows (v0.9 End-to-End)
         Lender approval and eligibility workflow:
     Error: VM Exception while processing transaction: reverted with custom error 'NoRiskScoresCalculated()'
    at CerebrumFHEVM_v09.checkEligibilityWithEncryptedThreshold (contracts/CerebrumFHEVM_v09.sol:482)
    at EdrProviderWrapper.request (node_modules\hardhat\src\internal\hardhat-network\provider\provider.ts:434:41)
    at FhevmProviderExtender._handleEthSendTransaction (node_modules\@fhevm\hardhat-plugin\src\internal\provider\FhevmProviderExtender.ts:108:14)
    at HardhatEthersSigner.sendTransaction (node_modules\@nomicfoundation\hardhat-ethers\src\signers.ts:181:18)
    at send (node_modules\ethers\src.ts\contract\contract.ts:313:20)
    at Proxy.checkEligibility (node_modules\ethers\src.ts\contract\contract.ts:352:16)
    at Context.<anonymous> (test\CerebrumFHEVM_v09.test.cjs:891:7)
  

  26) CerebrumFHEVM_v09 - FHEVM v0.9 Test Suite
       Complete Workflows (v0.9 End-to-End)
         Complete ecosystem workflow with all actors:
     Error: VM Exception while processing transaction: reverted with custom error 'NotApprovedResearcher()'
    at CerebrumFHEVM_v09.purchaseResearcherAccess (contracts/CerebrumFHEVM_v09.sol:561)
    at EdrProviderWrapper.request (node_modules\hardhat\src\internal\hardhat-network\provider\provider.ts:434:41)
    at FhevmProviderExtender._handleEthSendTransaction (node_modules\@fhevm\hardhat-plugin\src\internal\provider\FhevmProviderExtender.ts:108:14)
    at HardhatEthersSigner.sendTransaction (node_modules\@nomicfoundation\hardhat-ethers\src\signers.ts:181:18)
    at send (node_modules\ethers\src.ts\contract\contract.ts:313:20)
    at Proxy.purchaseResearcherAccess (node_modules\ethers\src.ts\contract\contract.ts:352:16)
    at Context.<anonymous> (test\CerebrumFHEVM_v09.test.cjs:913:7)
  

  27) CerebrumFHEVM_v09 - FHEVM v0.9 Test Suite
       Edge Cases & Security (v0.9)
         Should prevent reentrancy in claimEarnings:
     Error: VM Exception while processing transaction: reverted with custom error 'NotApprovedResearcher()'
    at CerebrumFHEVM_v09.purchaseResearcherAccess (contracts/CerebrumFHEVM_v09.sol:561)
    at EdrProviderWrapper.request (node_modules\hardhat\src\internal\hardhat-network\provider\provider.ts:434:41)
    at FhevmProviderExtender._handleEthSendTransaction (node_modules\@fhevm\hardhat-plugin\src\internal\provider\FhevmProviderExtender.ts:108:14)
    at HardhatEthersSigner.sendTransaction (node_modules\@nomicfoundation\hardhat-ethers\src\signers.ts:181:18)
    at send (node_modules\ethers\src.ts\contract\contract.ts:313:20)
    at Proxy.purchaseResearcherAccess (node_modules\ethers\src.ts\contract\contract.ts:352:16)
    at Context.<anonymous> (test\CerebrumFHEVM_v09.test.cjs:953:7)
  

  28) CerebrumFHEVM_v09 - FHEVM v0.9 Test Suite
       Edge Cases & Security (v0.9)
         Should maintain state consistency across operations:

      AssertionError: expected true to equal false
      + expected - actual

      -true
      +false
      
      at Context.<anonymous> (test\CerebrumFHEVM_v09.test.cjs:981:45)



